src/pages/BankReconciliation.tsx(1,38): error TS6133: 'useRef' is declared but its value is never read.
src/pages/BankReconciliation.tsx(6,23): error TS6133: 'Check' is declared but its value is never read.
src/pages/BankReconciliation.tsx(6,30): error TS6133: 'X' is declared but its value is never read.
src/pages/BankReconciliation.tsx(69,9): error TS6133: 'importMutation' is declared but its value is never read.
src/pages/BankReconciliation.tsx(91,10): error TS2554: Expected 1-2 arguments, but got 3.
