src/routes/accounts.routes.ts(18,36): error TS2345: Argument of type '{}' is not assignable to parameter of type 'string'.
src/routes/accounts.routes.ts(28,38): error TS2345: Argument of type '{}' is not assignable to parameter of type 'string'.
src/routes/accounts.routes.ts(65,36): error TS2345: Argument of type '{}' is not assignable to parameter of type 'string'.
src/routes/audit.routes.ts(15,36): error TS2345: Argument of type '{}' is not assignable to parameter of type 'string'.
src/routes/audit.routes.ts(32,36): error TS2345: Argument of type '{}' is not assignable to parameter of type 'string'.
src/routes/audit.routes.ts(39,36): error TS2345: Argument of type '{}' is not assignable to parameter of type 'string'.
src/routes/auth.routes.ts(108,25): error TS2345: Argument of type '{}' is not assignable to parameter of type 'string'.
src/routes/auth.routes.ts(133,14): error TS2345: Argument of type '[string, string, string, {}]' is not assignable to parameter of type 'SQLQueryBindings[] | [null] | [string] | [number] | [bigint] | [false] | [true] | [Uint8Array<ArrayBufferLike>] | [Uint8ClampedArray<ArrayBufferLike>] | ... 10 more ... | [...]'.
  Type '[string, string, string, {}]' is not assignable to type 'SQLQueryBindings[]'.
    Type 'string | {}' is not assignable to type 'SQLQueryBindings'.
      Type '{}' is not assignable to type 'SQLQueryBindings'.
src/routes/bank.routes.ts(16,36): error TS2345: Argument of type '{}' is not assignable to parameter of type 'string'.
src/routes/bank.routes.ts(33,47): error TS2345: Argument of type '{}' is not assignable to parameter of type 'string'.
src/routes/bank.routes.ts(71,47): error TS2345: Argument of type '{}' is not assignable to parameter of type 'string'.
src/routes/bank.routes.ts(94,45): error TS2345: Argument of type '{}' is not assignable to parameter of type 'string'.
src/routes/bank.routes.ts(106,36): error TS2345: Argument of type '{}' is not assignable to parameter of type 'string'.
src/routes/companies.routes.ts(17,36): error TS2345: Argument of type '{}' is not assignable to parameter of type 'string'.
src/routes/companies.routes.ts(26,47): error TS2345: Argument of type '{}' is not assignable to parameter of type 'string'.
src/routes/companies.routes.ts(78,36): error TS2345: Argument of type '{}' is not assignable to parameter of type 'string'.
src/routes/companies.routes.ts(89,47): error TS2345: Argument of type '{}' is not assignable to parameter of type 'string'.
src/routes/fiscal-periods.routes.ts(20,36): error TS2345: Argument of type '{}' is not assignable to parameter of type 'string'.
src/routes/fiscal-periods.routes.ts(30,38): error TS2345: Argument of type '{}' is not assignable to parameter of type 'string'.
src/routes/fiscal-periods.routes.ts(61,36): error TS2345: Argument of type '{}' is not assignable to parameter of type 'string'.
src/routes/fiscal-periods.routes.ts(70,45): error TS2345: Argument of type '{}' is not assignable to parameter of type 'string'.
src/routes/fiscal-periods.routes.ts(85,36): error TS2345: Argument of type '{}' is not assignable to parameter of type 'string'.
src/routes/journal.routes.ts(21,45): error TS2345: Argument of type '{}' is not assignable to parameter of type 'string'.
src/routes/journal.routes.ts(36,36): error TS2345: Argument of type '{}' is not assignable to parameter of type 'string'.
src/routes/journal.routes.ts(45,47): error TS2345: Argument of type '{}' is not assignable to parameter of type 'string'.
src/routes/journal.routes.ts(59,11): error TS2345: Argument of type '{ description?: string | undefined; accountId: string; debitAmount: number; creditAmount: number; lineNumber: number; }[]' is not assignable to parameter of type 'JournalLineInput[]'.
  Type '{ description?: string | undefined; accountId: string; debitAmount: number; creditAmount: number; lineNumber: number; }' is not assignable to type 'JournalLineInput'.
    Types of property 'description' are incompatible.
      Type 'string | undefined' is not assignable to type 'string | null'.
        Type 'undefined' is not assignable to type 'string | null'.
src/routes/journal.routes.ts(96,45): error TS2345: Argument of type '{}' is not assignable to parameter of type 'string'.
src/routes/journal.routes.ts(115,45): error TS2345: Argument of type '{}' is not assignable to parameter of type 'string'.
src/server.ts(47,9): error TS2367: This comparison appears to be unintentional because the types 'number | "UNKNOWN" | "VALIDATION" | "INTERNAL_SERVER_ERROR" | "INVALID_FILE_TYPE"' and '"NOT_FOUND"' have no overlap.
src/server.ts(48,11): error TS2339: Property 'status' does not exist on type 'never'.
