scripts/test-layer2-security.ts(4,3): error TS2305: Module '"../src/services/auth.service.ts"' has no exported member 'login'.
scripts/test-layer2-security.ts(5,3): error TS2305: Module '"../src/services/auth.service.ts"' has no exported member 'LoginResult'.
